// Jest Snapshot v1, https://goo.gl/fbAQLP

exports[`ErrorBoundary renders children when no error occurs 1`] = `
<div>
  <div
    data-testid="test-content"
  >
    Test Content
  </div>
</div>
`;
